// Jest Snapshot v1, https://goo.gl/fbAQLP

exports[`Snapshot testing and is everything rendering  Is snapshot the same 1`] = `
<div
  className="title"
>
  Hello world
</div>
`;
